The system is: Linux - 3.10.0-1160.119.1.el7.x86_64 - x86_64
Compiling the C compiler identification source file "CMakeCCompilerId.c" succeeded.
Compiler: /opt/rh/devtoolset-11/root/usr/bin/cc 
Build flags: 
Id flags:  

The output was:
0


Compilation of the C compiler identification source "CMakeCCompilerId.c" produced "a.out"

The C compiler identification is GNU, found in "/data/SNCommissioning/eric_decoder/build/CMakeFiles/3.17.5/CompilerIdC/a.out"

Compiling the CXX compiler identification source file "CMakeCXXCompilerId.cpp" succeeded.
Compiler: /opt/rh/devtoolset-11/root/usr/bin/c++ 
Build flags: 
Id flags:  

The output was:
0


Compilation of the CXX compiler identification source "CMakeCXXCompilerId.cpp" produced "a.out"

The CXX compiler identification is GNU, found in "/data/SNCommissioning/eric_decoder/build/CMakeFiles/3.17.5/CompilerIdCXX/a.out"

Determining if the C compiler works passed with the following output:
Change Dir: /data/SNCommissioning/eric_decoder/build/CMakeFiles/CMakeTmp

Run Build Command(s):/opt/rh/devtoolset-11/root/usr/bin/gmake cmTC_df8cd/fast && /opt/rh/devtoolset-11/root/usr/bin/gmake  -f CMakeFiles/cmTC_df8cd.dir/build.make CMakeFiles/cmTC_df8cd.dir/build
gmake[1]: Entering directory '/data/SNCommissioning/eric_decoder/build/CMakeFiles/CMakeTmp'
Building C object CMakeFiles/cmTC_df8cd.dir/testCCompiler.c.o
/opt/rh/devtoolset-11/root/usr/bin/cc    -o CMakeFiles/cmTC_df8cd.dir/testCCompiler.c.o   -c /data/SNCommissioning/eric_decoder/build/CMakeFiles/CMakeTmp/testCCompiler.c
Linking C executable cmTC_df8cd
/usr/bin/cmake3 -E cmake_link_script CMakeFiles/cmTC_df8cd.dir/link.txt --verbose=1
/opt/rh/devtoolset-11/root/usr/bin/cc      CMakeFiles/cmTC_df8cd.dir/testCCompiler.c.o  -o cmTC_df8cd 
gmake[1]: Leaving directory '/data/SNCommissioning/eric_decoder/build/CMakeFiles/CMakeTmp'



Detecting C compiler ABI info compiled with the following output:
Change Dir: /data/SNCommissioning/eric_decoder/build/CMakeFiles/CMakeTmp

Run Build Command(s):/opt/rh/devtoolset-11/root/usr/bin/gmake cmTC_93d60/fast && /opt/rh/devtoolset-11/root/usr/bin/gmake  -f CMakeFiles/cmTC_93d60.dir/build.make CMakeFiles/cmTC_93d60.dir/build
gmake[1]: Entering directory '/data/SNCommissioning/eric_decoder/build/CMakeFiles/CMakeTmp'
Building C object CMakeFiles/cmTC_93d60.dir/CMakeCCompilerABI.c.o
/opt/rh/devtoolset-11/root/usr/bin/cc   -v -o CMakeFiles/cmTC_93d60.dir/CMakeCCompilerABI.c.o   -c /usr/share/cmake3/Modules/CMakeCCompilerABI.c
Using built-in specs.
COLLECT_GCC=/opt/rh/devtoolset-11/root/usr/bin/cc
Target: x86_64-redhat-linux
Configured with: ../configure --enable-bootstrap --enable-languages=c,c++,fortran,lto --prefix=/opt/rh/devtoolset-11/root/usr --mandir=/opt/rh/devtoolset-11/root/usr/share/man --infodir=/opt/rh/devtoolset-11/root/usr/share/info --with-bugurl=http://bugzilla.redhat.com/bugzilla --enable-shared --enable-threads=posix --enable-checking=release --enable-multilib --with-system-zlib --enable-__cxa_atexit --disable-libunwind-exceptions --enable-gnu-unique-object --enable-linker-build-id --with-gcc-major-version-only --with-linker-hash-style=gnu --with-default-libstdcxx-abi=gcc4-compatible --enable-plugin --enable-initfini-array --with-isl=/builddir/build/BUILD/gcc-11.2.1-20220127/obj-x86_64-redhat-linux/isl-install --enable-gnu-indirect-function --with-tune=generic --with-arch_32=x86-64 --build=x86_64-redhat-linux
Thread model: posix
Supported LTO compression algorithms: zlib
gcc version 11.2.1 20220127 (Red Hat 11.2.1-9) (GCC) 
COLLECT_GCC_OPTIONS='-v' '-o' 'CMakeFiles/cmTC_93d60.dir/CMakeCCompilerABI.c.o' '-c' '-mtune=generic' '-march=x86-64' '-dumpdir' 'CMakeFiles/cmTC_93d60.dir/'
 /opt/rh/devtoolset-11/root/usr/libexec/gcc/x86_64-redhat-linux/11/cc1 -quiet -v /usr/share/cmake3/Modules/CMakeCCompilerABI.c -quiet -dumpdir CMakeFiles/cmTC_93d60.dir/ -dumpbase CMakeCCompilerABI.c.c -dumpbase-ext .c -mtune=generic -march=x86-64 -version -o /tmp/ccpDzhpn.s
GNU C17 (GCC) version 11.2.1 20220127 (Red Hat 11.2.1-9) (x86_64-redhat-linux)
	compiled by GNU C version 11.2.1 20220127 (Red Hat 11.2.1-9), GMP version 6.0.0, MPFR version 3.1.1, MPC version 1.0.1, isl version isl-0.18-GMP

GGC heuristics: --param ggc-min-expand=100 --param ggc-min-heapsize=131072
ignoring nonexistent directory "/opt/rh/devtoolset-11/root/usr/lib/gcc/x86_64-redhat-linux/11/include-fixed"
ignoring nonexistent directory "/opt/rh/devtoolset-11/root/usr/lib/gcc/x86_64-redhat-linux/11/../../../../x86_64-redhat-linux/include"
#include "..." search starts here:
#include <...> search starts here:
 /opt/rh/devtoolset-11/root/usr/lib/gcc/x86_64-redhat-linux/11/include
 /usr/local/include
 /opt/rh/devtoolset-11/root/usr/include
 /usr/include
End of search list.
GNU C17 (GCC) version 11.2.1 20220127 (Red Hat 11.2.1-9) (x86_64-redhat-linux)
	compiled by GNU C version 11.2.1 20220127 (Red Hat 11.2.1-9), GMP version 6.0.0, MPFR version 3.1.1, MPC version 1.0.1, isl version isl-0.18-GMP

GGC heuristics: --param ggc-min-expand=100 --param ggc-min-heapsize=131072
Compiler executable checksum: fcd9572df254446d5004a010508b613e
COLLECT_GCC_OPTIONS='-v' '-o' 'CMakeFiles/cmTC_93d60.dir/CMakeCCompilerABI.c.o' '-c' '-mtune=generic' '-march=x86-64' '-dumpdir' 'CMakeFiles/cmTC_93d60.dir/'
 /opt/rh/devtoolset-11/root/usr/libexec/gcc/x86_64-redhat-linux/11/as -v --64 -o CMakeFiles/cmTC_93d60.dir/CMakeCCompilerABI.c.o /tmp/ccpDzhpn.s
GNU assembler version 2.36.1 (x86_64-redhat-linux) using BFD version version 2.36.1-1.el7.2
COMPILER_PATH=/opt/rh/devtoolset-11/root/usr/libexec/gcc/x86_64-redhat-linux/11/:/opt/rh/devtoolset-11/root/usr/libexec/gcc/x86_64-redhat-linux/11/:/opt/rh/devtoolset-11/root/usr/libexec/gcc/x86_64-redhat-linux/:/opt/rh/devtoolset-11/root/usr/lib/gcc/x86_64-redhat-linux/11/:/opt/rh/devtoolset-11/root/usr/lib/gcc/x86_64-redhat-linux/
LIBRARY_PATH=/opt/rh/devtoolset-11/root/usr/lib/gcc/x86_64-redhat-linux/11/:/opt/rh/devtoolset-11/root/usr/lib/gcc/x86_64-redhat-linux/11/../../../../lib64/:/lib/../lib64/:/usr/lib/../lib64/:/opt/rh/devtoolset-11/root/usr/lib/gcc/x86_64-redhat-linux/11/../../../:/lib/:/usr/lib/
COLLECT_GCC_OPTIONS='-v' '-o' 'CMakeFiles/cmTC_93d60.dir/CMakeCCompilerABI.c.o' '-c' '-mtune=generic' '-march=x86-64' '-dumpdir' 'CMakeFiles/cmTC_93d60.dir/CMakeCCompilerABI.c.'
Linking C executable cmTC_93d60
/usr/bin/cmake3 -E cmake_link_script CMakeFiles/cmTC_93d60.dir/link.txt --verbose=1
/opt/rh/devtoolset-11/root/usr/bin/cc     -v CMakeFiles/cmTC_93d60.dir/CMakeCCompilerABI.c.o  -o cmTC_93d60 
Using built-in specs.
COLLECT_GCC=/opt/rh/devtoolset-11/root/usr/bin/cc
COLLECT_LTO_WRAPPER=/opt/rh/devtoolset-11/root/usr/libexec/gcc/x86_64-redhat-linux/11/lto-wrapper
Target: x86_64-redhat-linux
Configured with: ../configure --enable-bootstrap --enable-languages=c,c++,fortran,lto --prefix=/opt/rh/devtoolset-11/root/usr --mandir=/opt/rh/devtoolset-11/root/usr/share/man --infodir=/opt/rh/devtoolset-11/root/usr/share/info --with-bugurl=http://bugzilla.redhat.com/bugzilla --enable-shared --enable-threads=posix --enable-checking=release --enable-multilib --with-system-zlib --enable-__cxa_atexit --disable-libunwind-exceptions --enable-gnu-unique-object --enable-linker-build-id --with-gcc-major-version-only --with-linker-hash-style=gnu --with-default-libstdcxx-abi=gcc4-compatible --enable-plugin --enable-initfini-array --with-isl=/builddir/build/BUILD/gcc-11.2.1-20220127/obj-x86_64-redhat-linux/isl-install --enable-gnu-indirect-function --with-tune=generic --with-arch_32=x86-64 --build=x86_64-redhat-linux
Thread model: posix
Supported LTO compression algorithms: zlib
gcc version 11.2.1 20220127 (Red Hat 11.2.1-9) (GCC) 
COMPILER_PATH=/opt/rh/devtoolset-11/root/usr/libexec/gcc/x86_64-redhat-linux/11/:/opt/rh/devtoolset-11/root/usr/libexec/gcc/x86_64-redhat-linux/11/:/opt/rh/devtoolset-11/root/usr/libexec/gcc/x86_64-redhat-linux/:/opt/rh/devtoolset-11/root/usr/lib/gcc/x86_64-redhat-linux/11/:/opt/rh/devtoolset-11/root/usr/lib/gcc/x86_64-redhat-linux/
LIBRARY_PATH=/opt/rh/devtoolset-11/root/usr/lib/gcc/x86_64-redhat-linux/11/:/opt/rh/devtoolset-11/root/usr/lib/gcc/x86_64-redhat-linux/11/../../../../lib64/:/lib/../lib64/:/usr/lib/../lib64/:/opt/rh/devtoolset-11/root/usr/lib/gcc/x86_64-redhat-linux/11/../../../:/lib/:/usr/lib/
COLLECT_GCC_OPTIONS='-v' '-o' 'cmTC_93d60' '-mtune=generic' '-march=x86-64' '-dumpdir' 'cmTC_93d60.'
 /opt/rh/devtoolset-11/root/usr/libexec/gcc/x86_64-redhat-linux/11/collect2 -plugin /opt/rh/devtoolset-11/root/usr/libexec/gcc/x86_64-redhat-linux/11/liblto_plugin.so -plugin-opt=/opt/rh/devtoolset-11/root/usr/libexec/gcc/x86_64-redhat-linux/11/lto-wrapper -plugin-opt=-fresolution=/tmp/ccIuYrim.res -plugin-opt=-pass-through=-lgcc -plugin-opt=-pass-through=-lgcc_s -plugin-opt=-pass-through=-lc -plugin-opt=-pass-through=-lgcc -plugin-opt=-pass-through=-lgcc_s --build-id --no-add-needed --eh-frame-hdr --hash-style=gnu -m elf_x86_64 -dynamic-linker /lib64/ld-linux-x86-64.so.2 -o cmTC_93d60 /lib/../lib64/crt1.o /lib/../lib64/crti.o /opt/rh/devtoolset-11/root/usr/lib/gcc/x86_64-redhat-linux/11/crtbegin.o -L/opt/rh/devtoolset-11/root/usr/lib/gcc/x86_64-redhat-linux/11 -L/opt/rh/devtoolset-11/root/usr/lib/gcc/x86_64-redhat-linux/11/../../../../lib64 -L/lib/../lib64 -L/usr/lib/../lib64 -L/opt/rh/devtoolset-11/root/usr/lib/gcc/x86_64-redhat-linux/11/../../.. CMakeFiles/cmTC_93d60.dir/CMakeCCompilerABI.c.o -lgcc --push-state --as-needed -lgcc_s --pop-state -lc -lgcc --push-state --as-needed -lgcc_s --pop-state /opt/rh/devtoolset-11/root/usr/lib/gcc/x86_64-redhat-linux/11/crtend.o /lib/../lib64/crtn.o
COLLECT_GCC_OPTIONS='-v' '-o' 'cmTC_93d60' '-mtune=generic' '-march=x86-64' '-dumpdir' 'cmTC_93d60.'
gmake[1]: Leaving directory '/data/SNCommissioning/eric_decoder/build/CMakeFiles/CMakeTmp'



Parsed C implicit include dir info from above output: rv=done
  found start of include info
  found start of implicit include info
    add: [/opt/rh/devtoolset-11/root/usr/lib/gcc/x86_64-redhat-linux/11/include]
    add: [/usr/local/include]
    add: [/opt/rh/devtoolset-11/root/usr/include]
    add: [/usr/include]
  end of search list found
  collapse include dir [/opt/rh/devtoolset-11/root/usr/lib/gcc/x86_64-redhat-linux/11/include] ==> [/opt/rh/devtoolset-11/root/usr/lib/gcc/x86_64-redhat-linux/11/include]
  collapse include dir [/usr/local/include] ==> [/usr/local/include]
  collapse include dir [/opt/rh/devtoolset-11/root/usr/include] ==> [/opt/rh/devtoolset-11/root/usr/include]
  collapse include dir [/usr/include] ==> [/usr/include]
  implicit include dirs: [/opt/rh/devtoolset-11/root/usr/lib/gcc/x86_64-redhat-linux/11/include;/usr/local/include;/opt/rh/devtoolset-11/root/usr/include;/usr/include]


Parsed C implicit link information from above output:
  link line regex: [^( *|.*[/\])(ld|CMAKE_LINK_STARTFILE-NOTFOUND|([^/\]+-)?ld|collect2)[^/\]*( |$)]
  ignore line: [Change Dir: /data/SNCommissioning/eric_decoder/build/CMakeFiles/CMakeTmp]
  ignore line: []
  ignore line: [Run Build Command(s):/opt/rh/devtoolset-11/root/usr/bin/gmake cmTC_93d60/fast && /opt/rh/devtoolset-11/root/usr/bin/gmake  -f CMakeFiles/cmTC_93d60.dir/build.make CMakeFiles/cmTC_93d60.dir/build]
  ignore line: [gmake[1]: Entering directory '/data/SNCommissioning/eric_decoder/build/CMakeFiles/CMakeTmp']
  ignore line: [Building C object CMakeFiles/cmTC_93d60.dir/CMakeCCompilerABI.c.o]
  ignore line: [/opt/rh/devtoolset-11/root/usr/bin/cc   -v -o CMakeFiles/cmTC_93d60.dir/CMakeCCompilerABI.c.o   -c /usr/share/cmake3/Modules/CMakeCCompilerABI.c]
  ignore line: [Using built-in specs.]
  ignore line: [COLLECT_GCC=/opt/rh/devtoolset-11/root/usr/bin/cc]
  ignore line: [Target: x86_64-redhat-linux]
  ignore line: [Configured with: ../configure --enable-bootstrap --enable-languages=c c++ fortran lto --prefix=/opt/rh/devtoolset-11/root/usr --mandir=/opt/rh/devtoolset-11/root/usr/share/man --infodir=/opt/rh/devtoolset-11/root/usr/share/info --with-bugurl=http://bugzilla.redhat.com/bugzilla --enable-shared --enable-threads=posix --enable-checking=release --enable-multilib --with-system-zlib --enable-__cxa_atexit --disable-libunwind-exceptions --enable-gnu-unique-object --enable-linker-build-id --with-gcc-major-version-only --with-linker-hash-style=gnu --with-default-libstdcxx-abi=gcc4-compatible --enable-plugin --enable-initfini-array --with-isl=/builddir/build/BUILD/gcc-11.2.1-20220127/obj-x86_64-redhat-linux/isl-install --enable-gnu-indirect-function --with-tune=generic --with-arch_32=x86-64 --build=x86_64-redhat-linux]
  ignore line: [Thread model: posix]
  ignore line: [Supported LTO compression algorithms: zlib]
  ignore line: [gcc version 11.2.1 20220127 (Red Hat 11.2.1-9) (GCC) ]
  ignore line: [COLLECT_GCC_OPTIONS='-v' '-o' 'CMakeFiles/cmTC_93d60.dir/CMakeCCompilerABI.c.o' '-c' '-mtune=generic' '-march=x86-64' '-dumpdir' 'CMakeFiles/cmTC_93d60.dir/']
  ignore line: [ /opt/rh/devtoolset-11/root/usr/libexec/gcc/x86_64-redhat-linux/11/cc1 -quiet -v /usr/share/cmake3/Modules/CMakeCCompilerABI.c -quiet -dumpdir CMakeFiles/cmTC_93d60.dir/ -dumpbase CMakeCCompilerABI.c.c -dumpbase-ext .c -mtune=generic -march=x86-64 -version -o /tmp/ccpDzhpn.s]
  ignore line: [GNU C17 (GCC) version 11.2.1 20220127 (Red Hat 11.2.1-9) (x86_64-redhat-linux)]
  ignore line: [	compiled by GNU C version 11.2.1 20220127 (Red Hat 11.2.1-9)  GMP version 6.0.0  MPFR version 3.1.1  MPC version 1.0.1  isl version isl-0.18-GMP]
  ignore line: []
  ignore line: [GGC heuristics: --param ggc-min-expand=100 --param ggc-min-heapsize=131072]
  ignore line: [ignoring nonexistent directory "/opt/rh/devtoolset-11/root/usr/lib/gcc/x86_64-redhat-linux/11/include-fixed"]
  ignore line: [ignoring nonexistent directory "/opt/rh/devtoolset-11/root/usr/lib/gcc/x86_64-redhat-linux/11/../../../../x86_64-redhat-linux/include"]
  ignore line: [#include "..." search starts here:]
  ignore line: [#include <...> search starts here:]
  ignore line: [ /opt/rh/devtoolset-11/root/usr/lib/gcc/x86_64-redhat-linux/11/include]
  ignore line: [ /usr/local/include]
  ignore line: [ /opt/rh/devtoolset-11/root/usr/include]
  ignore line: [ /usr/include]
  ignore line: [End of search list.]
  ignore line: [GNU C17 (GCC) version 11.2.1 20220127 (Red Hat 11.2.1-9) (x86_64-redhat-linux)]
  ignore line: [	compiled by GNU C version 11.2.1 20220127 (Red Hat 11.2.1-9)  GMP version 6.0.0  MPFR version 3.1.1  MPC version 1.0.1  isl version isl-0.18-GMP]
  ignore line: []
  ignore line: [GGC heuristics: --param ggc-min-expand=100 --param ggc-min-heapsize=131072]
  ignore line: [Compiler executable checksum: fcd9572df254446d5004a010508b613e]
  ignore line: [COLLECT_GCC_OPTIONS='-v' '-o' 'CMakeFiles/cmTC_93d60.dir/CMakeCCompilerABI.c.o' '-c' '-mtune=generic' '-march=x86-64' '-dumpdir' 'CMakeFiles/cmTC_93d60.dir/']
  ignore line: [ /opt/rh/devtoolset-11/root/usr/libexec/gcc/x86_64-redhat-linux/11/as -v --64 -o CMakeFiles/cmTC_93d60.dir/CMakeCCompilerABI.c.o /tmp/ccpDzhpn.s]
  ignore line: [GNU assembler version 2.36.1 (x86_64-redhat-linux) using BFD version version 2.36.1-1.el7.2]
  ignore line: [COMPILER_PATH=/opt/rh/devtoolset-11/root/usr/libexec/gcc/x86_64-redhat-linux/11/:/opt/rh/devtoolset-11/root/usr/libexec/gcc/x86_64-redhat-linux/11/:/opt/rh/devtoolset-11/root/usr/libexec/gcc/x86_64-redhat-linux/:/opt/rh/devtoolset-11/root/usr/lib/gcc/x86_64-redhat-linux/11/:/opt/rh/devtoolset-11/root/usr/lib/gcc/x86_64-redhat-linux/]
  ignore line: [LIBRARY_PATH=/opt/rh/devtoolset-11/root/usr/lib/gcc/x86_64-redhat-linux/11/:/opt/rh/devtoolset-11/root/usr/lib/gcc/x86_64-redhat-linux/11/../../../../lib64/:/lib/../lib64/:/usr/lib/../lib64/:/opt/rh/devtoolset-11/root/usr/lib/gcc/x86_64-redhat-linux/11/../../../:/lib/:/usr/lib/]
  ignore line: [COLLECT_GCC_OPTIONS='-v' '-o' 'CMakeFiles/cmTC_93d60.dir/CMakeCCompilerABI.c.o' '-c' '-mtune=generic' '-march=x86-64' '-dumpdir' 'CMakeFiles/cmTC_93d60.dir/CMakeCCompilerABI.c.']
  ignore line: [Linking C executable cmTC_93d60]
  ignore line: [/usr/bin/cmake3 -E cmake_link_script CMakeFiles/cmTC_93d60.dir/link.txt --verbose=1]
  ignore line: [/opt/rh/devtoolset-11/root/usr/bin/cc     -v CMakeFiles/cmTC_93d60.dir/CMakeCCompilerABI.c.o  -o cmTC_93d60 ]
  ignore line: [Using built-in specs.]
  ignore line: [COLLECT_GCC=/opt/rh/devtoolset-11/root/usr/bin/cc]
  ignore line: [COLLECT_LTO_WRAPPER=/opt/rh/devtoolset-11/root/usr/libexec/gcc/x86_64-redhat-linux/11/lto-wrapper]
  ignore line: [Target: x86_64-redhat-linux]
  ignore line: [Configured with: ../configure --enable-bootstrap --enable-languages=c c++ fortran lto --prefix=/opt/rh/devtoolset-11/root/usr --mandir=/opt/rh/devtoolset-11/root/usr/share/man --infodir=/opt/rh/devtoolset-11/root/usr/share/info --with-bugurl=http://bugzilla.redhat.com/bugzilla --enable-shared --enable-threads=posix --enable-checking=release --enable-multilib --with-system-zlib --enable-__cxa_atexit --disable-libunwind-exceptions --enable-gnu-unique-object --enable-linker-build-id --with-gcc-major-version-only --with-linker-hash-style=gnu --with-default-libstdcxx-abi=gcc4-compatible --enable-plugin --enable-initfini-array --with-isl=/builddir/build/BUILD/gcc-11.2.1-20220127/obj-x86_64-redhat-linux/isl-install --enable-gnu-indirect-function --with-tune=generic --with-arch_32=x86-64 --build=x86_64-redhat-linux]
  ignore line: [Thread model: posix]
  ignore line: [Supported LTO compression algorithms: zlib]
  ignore line: [gcc version 11.2.1 20220127 (Red Hat 11.2.1-9) (GCC) ]
  ignore line: [COMPILER_PATH=/opt/rh/devtoolset-11/root/usr/libexec/gcc/x86_64-redhat-linux/11/:/opt/rh/devtoolset-11/root/usr/libexec/gcc/x86_64-redhat-linux/11/:/opt/rh/devtoolset-11/root/usr/libexec/gcc/x86_64-redhat-linux/:/opt/rh/devtoolset-11/root/usr/lib/gcc/x86_64-redhat-linux/11/:/opt/rh/devtoolset-11/root/usr/lib/gcc/x86_64-redhat-linux/]
  ignore line: [LIBRARY_PATH=/opt/rh/devtoolset-11/root/usr/lib/gcc/x86_64-redhat-linux/11/:/opt/rh/devtoolset-11/root/usr/lib/gcc/x86_64-redhat-linux/11/../../../../lib64/:/lib/../lib64/:/usr/lib/../lib64/:/opt/rh/devtoolset-11/root/usr/lib/gcc/x86_64-redhat-linux/11/../../../:/lib/:/usr/lib/]
  ignore line: [COLLECT_GCC_OPTIONS='-v' '-o' 'cmTC_93d60' '-mtune=generic' '-march=x86-64' '-dumpdir' 'cmTC_93d60.']
  link line: [ /opt/rh/devtoolset-11/root/usr/libexec/gcc/x86_64-redhat-linux/11/collect2 -plugin /opt/rh/devtoolset-11/root/usr/libexec/gcc/x86_64-redhat-linux/11/liblto_plugin.so -plugin-opt=/opt/rh/devtoolset-11/root/usr/libexec/gcc/x86_64-redhat-linux/11/lto-wrapper -plugin-opt=-fresolution=/tmp/ccIuYrim.res -plugin-opt=-pass-through=-lgcc -plugin-opt=-pass-through=-lgcc_s -plugin-opt=-pass-through=-lc -plugin-opt=-pass-through=-lgcc -plugin-opt=-pass-through=-lgcc_s --build-id --no-add-needed --eh-frame-hdr --hash-style=gnu -m elf_x86_64 -dynamic-linker /lib64/ld-linux-x86-64.so.2 -o cmTC_93d60 /lib/../lib64/crt1.o /lib/../lib64/crti.o /opt/rh/devtoolset-11/root/usr/lib/gcc/x86_64-redhat-linux/11/crtbegin.o -L/opt/rh/devtoolset-11/root/usr/lib/gcc/x86_64-redhat-linux/11 -L/opt/rh/devtoolset-11/root/usr/lib/gcc/x86_64-redhat-linux/11/../../../../lib64 -L/lib/../lib64 -L/usr/lib/../lib64 -L/opt/rh/devtoolset-11/root/usr/lib/gcc/x86_64-redhat-linux/11/../../.. CMakeFiles/cmTC_93d60.dir/CMakeCCompilerABI.c.o -lgcc --push-state --as-needed -lgcc_s --pop-state -lc -lgcc --push-state --as-needed -lgcc_s --pop-state /opt/rh/devtoolset-11/root/usr/lib/gcc/x86_64-redhat-linux/11/crtend.o /lib/../lib64/crtn.o]
    arg [/opt/rh/devtoolset-11/root/usr/libexec/gcc/x86_64-redhat-linux/11/collect2] ==> ignore
    arg [-plugin] ==> ignore
    arg [/opt/rh/devtoolset-11/root/usr/libexec/gcc/x86_64-redhat-linux/11/liblto_plugin.so] ==> ignore
    arg [-plugin-opt=/opt/rh/devtoolset-11/root/usr/libexec/gcc/x86_64-redhat-linux/11/lto-wrapper] ==> ignore
    arg [-plugin-opt=-fresolution=/tmp/ccIuYrim.res] ==> ignore
    arg [-plugin-opt=-pass-through=-lgcc] ==> ignore
    arg [-plugin-opt=-pass-through=-lgcc_s] ==> ignore
    arg [-plugin-opt=-pass-through=-lc] ==> ignore
    arg [-plugin-opt=-pass-through=-lgcc] ==> ignore
    arg [-plugin-opt=-pass-through=-lgcc_s] ==> ignore
    arg [--build-id] ==> ignore
    arg [--no-add-needed] ==> ignore
    arg [--eh-frame-hdr] ==> ignore
    arg [--hash-style=gnu] ==> ignore
    arg [-m] ==> ignore
    arg [elf_x86_64] ==> ignore
    arg [-dynamic-linker] ==> ignore
    arg [/lib64/ld-linux-x86-64.so.2] ==> ignore
    arg [-o] ==> ignore
    arg [cmTC_93d60] ==> ignore
    arg [/lib/../lib64/crt1.o] ==> ignore
    arg [/lib/../lib64/crti.o] ==> ignore
    arg [/opt/rh/devtoolset-11/root/usr/lib/gcc/x86_64-redhat-linux/11/crtbegin.o] ==> ignore
    arg [-L/opt/rh/devtoolset-11/root/usr/lib/gcc/x86_64-redhat-linux/11] ==> dir [/opt/rh/devtoolset-11/root/usr/lib/gcc/x86_64-redhat-linux/11]
    arg [-L/opt/rh/devtoolset-11/root/usr/lib/gcc/x86_64-redhat-linux/11/../../../../lib64] ==> dir [/opt/rh/devtoolset-11/root/usr/lib/gcc/x86_64-redhat-linux/11/../../../../lib64]
    arg [-L/lib/../lib64] ==> dir [/lib/../lib64]
    arg [-L/usr/lib/../lib64] ==> dir [/usr/lib/../lib64]
    arg [-L/opt/rh/devtoolset-11/root/usr/lib/gcc/x86_64-redhat-linux/11/../../..] ==> dir [/opt/rh/devtoolset-11/root/usr/lib/gcc/x86_64-redhat-linux/11/../../..]
    arg [CMakeFiles/cmTC_93d60.dir/CMakeCCompilerABI.c.o] ==> ignore
    arg [-lgcc] ==> lib [gcc]
    arg [--push-state] ==> ignore
    arg [--as-needed] ==> ignore
    arg [-lgcc_s] ==> lib [gcc_s]
    arg [--pop-state] ==> ignore
    arg [-lc] ==> lib [c]
    arg [-lgcc] ==> lib [gcc]
    arg [--push-state] ==> ignore
    arg [--as-needed] ==> ignore
    arg [-lgcc_s] ==> lib [gcc_s]
    arg [--pop-state] ==> ignore
    arg [/opt/rh/devtoolset-11/root/usr/lib/gcc/x86_64-redhat-linux/11/crtend.o] ==> ignore
    arg [/lib/../lib64/crtn.o] ==> ignore
  collapse library dir [/opt/rh/devtoolset-11/root/usr/lib/gcc/x86_64-redhat-linux/11] ==> [/opt/rh/devtoolset-11/root/usr/lib/gcc/x86_64-redhat-linux/11]
  collapse library dir [/opt/rh/devtoolset-11/root/usr/lib/gcc/x86_64-redhat-linux/11/../../../../lib64] ==> [/opt/rh/devtoolset-11/root/usr/lib64]
  collapse library dir [/lib/../lib64] ==> [/lib64]
  collapse library dir [/usr/lib/../lib64] ==> [/usr/lib64]
  collapse library dir [/opt/rh/devtoolset-11/root/usr/lib/gcc/x86_64-redhat-linux/11/../../..] ==> [/opt/rh/devtoolset-11/root/usr/lib]
  implicit libs: [gcc;gcc_s;c;gcc;gcc_s]
  implicit dirs: [/opt/rh/devtoolset-11/root/usr/lib/gcc/x86_64-redhat-linux/11;/opt/rh/devtoolset-11/root/usr/lib64;/lib64;/usr/lib64;/opt/rh/devtoolset-11/root/usr/lib]
  implicit fwks: []


Determining if the CXX compiler works passed with the following output:
Change Dir: /data/SNCommissioning/eric_decoder/build/CMakeFiles/CMakeTmp

Run Build Command(s):/opt/rh/devtoolset-11/root/usr/bin/gmake cmTC_55e46/fast && /opt/rh/devtoolset-11/root/usr/bin/gmake  -f CMakeFiles/cmTC_55e46.dir/build.make CMakeFiles/cmTC_55e46.dir/build
gmake[1]: Entering directory '/data/SNCommissioning/eric_decoder/build/CMakeFiles/CMakeTmp'
Building CXX object CMakeFiles/cmTC_55e46.dir/testCXXCompiler.cxx.o
/opt/rh/devtoolset-11/root/usr/bin/c++     -o CMakeFiles/cmTC_55e46.dir/testCXXCompiler.cxx.o -c /data/SNCommissioning/eric_decoder/build/CMakeFiles/CMakeTmp/testCXXCompiler.cxx
Linking CXX executable cmTC_55e46
/usr/bin/cmake3 -E cmake_link_script CMakeFiles/cmTC_55e46.dir/link.txt --verbose=1
/opt/rh/devtoolset-11/root/usr/bin/c++       CMakeFiles/cmTC_55e46.dir/testCXXCompiler.cxx.o  -o cmTC_55e46 
gmake[1]: Leaving directory '/data/SNCommissioning/eric_decoder/build/CMakeFiles/CMakeTmp'



Detecting CXX compiler ABI info compiled with the following output:
Change Dir: /data/SNCommissioning/eric_decoder/build/CMakeFiles/CMakeTmp

Run Build Command(s):/opt/rh/devtoolset-11/root/usr/bin/gmake cmTC_dbade/fast && /opt/rh/devtoolset-11/root/usr/bin/gmake  -f CMakeFiles/cmTC_dbade.dir/build.make CMakeFiles/cmTC_dbade.dir/build
gmake[1]: Entering directory '/data/SNCommissioning/eric_decoder/build/CMakeFiles/CMakeTmp'
Building CXX object CMakeFiles/cmTC_dbade.dir/CMakeCXXCompilerABI.cpp.o
/opt/rh/devtoolset-11/root/usr/bin/c++    -v -o CMakeFiles/cmTC_dbade.dir/CMakeCXXCompilerABI.cpp.o -c /usr/share/cmake3/Modules/CMakeCXXCompilerABI.cpp
Using built-in specs.
COLLECT_GCC=/opt/rh/devtoolset-11/root/usr/bin/c++
Target: x86_64-redhat-linux
Configured with: ../configure --enable-bootstrap --enable-languages=c,c++,fortran,lto --prefix=/opt/rh/devtoolset-11/root/usr --mandir=/opt/rh/devtoolset-11/root/usr/share/man --infodir=/opt/rh/devtoolset-11/root/usr/share/info --with-bugurl=http://bugzilla.redhat.com/bugzilla --enable-shared --enable-threads=posix --enable-checking=release --enable-multilib --with-system-zlib --enable-__cxa_atexit --disable-libunwind-exceptions --enable-gnu-unique-object --enable-linker-build-id --with-gcc-major-version-only --with-linker-hash-style=gnu --with-default-libstdcxx-abi=gcc4-compatible --enable-plugin --enable-initfini-array --with-isl=/builddir/build/BUILD/gcc-11.2.1-20220127/obj-x86_64-redhat-linux/isl-install --enable-gnu-indirect-function --with-tune=generic --with-arch_32=x86-64 --build=x86_64-redhat-linux
Thread model: posix
Supported LTO compression algorithms: zlib
gcc version 11.2.1 20220127 (Red Hat 11.2.1-9) (GCC) 
COLLECT_GCC_OPTIONS='-v' '-o' 'CMakeFiles/cmTC_dbade.dir/CMakeCXXCompilerABI.cpp.o' '-c' '-shared-libgcc' '-mtune=generic' '-march=x86-64' '-dumpdir' 'CMakeFiles/cmTC_dbade.dir/'
 /opt/rh/devtoolset-11/root/usr/libexec/gcc/x86_64-redhat-linux/11/cc1plus -quiet -v -D_GNU_SOURCE /usr/share/cmake3/Modules/CMakeCXXCompilerABI.cpp -quiet -dumpdir CMakeFiles/cmTC_dbade.dir/ -dumpbase CMakeCXXCompilerABI.cpp.cpp -dumpbase-ext .cpp -mtune=generic -march=x86-64 -version -o /tmp/cc3OWSHu.s
GNU C++17 (GCC) version 11.2.1 20220127 (Red Hat 11.2.1-9) (x86_64-redhat-linux)
	compiled by GNU C version 11.2.1 20220127 (Red Hat 11.2.1-9), GMP version 6.0.0, MPFR version 3.1.1, MPC version 1.0.1, isl version isl-0.18-GMP

GGC heuristics: --param ggc-min-expand=100 --param ggc-min-heapsize=131072
ignoring nonexistent directory "/opt/rh/devtoolset-11/root/usr/lib/gcc/x86_64-redhat-linux/11/include-fixed"
ignoring nonexistent directory "/opt/rh/devtoolset-11/root/usr/lib/gcc/x86_64-redhat-linux/11/../../../../x86_64-redhat-linux/include"
#include "..." search starts here:
#include <...> search starts here:
 /opt/rh/devtoolset-11/root/usr/lib/gcc/x86_64-redhat-linux/11/../../../../include/c++/11
 /opt/rh/devtoolset-11/root/usr/lib/gcc/x86_64-redhat-linux/11/../../../../include/c++/11/x86_64-redhat-linux
 /opt/rh/devtoolset-11/root/usr/lib/gcc/x86_64-redhat-linux/11/../../../../include/c++/11/backward
 /opt/rh/devtoolset-11/root/usr/lib/gcc/x86_64-redhat-linux/11/include
 /usr/local/include
 /opt/rh/devtoolset-11/root/usr/include
 /usr/include
End of search list.
GNU C++17 (GCC) version 11.2.1 20220127 (Red Hat 11.2.1-9) (x86_64-redhat-linux)
	compiled by GNU C version 11.2.1 20220127 (Red Hat 11.2.1-9), GMP version 6.0.0, MPFR version 3.1.1, MPC version 1.0.1, isl version isl-0.18-GMP

GGC heuristics: --param ggc-min-expand=100 --param ggc-min-heapsize=131072
Compiler executable checksum: 4d912b14bce339cc8a41b2b0d103bc14
COLLECT_GCC_OPTIONS='-v' '-o' 'CMakeFiles/cmTC_dbade.dir/CMakeCXXCompilerABI.cpp.o' '-c' '-shared-libgcc' '-mtune=generic' '-march=x86-64' '-dumpdir' 'CMakeFiles/cmTC_dbade.dir/'
 /opt/rh/devtoolset-11/root/usr/libexec/gcc/x86_64-redhat-linux/11/as -v --64 -o CMakeFiles/cmTC_dbade.dir/CMakeCXXCompilerABI.cpp.o /tmp/cc3OWSHu.s
GNU assembler version 2.36.1 (x86_64-redhat-linux) using BFD version version 2.36.1-1.el7.2
COMPILER_PATH=/opt/rh/devtoolset-11/root/usr/libexec/gcc/x86_64-redhat-linux/11/:/opt/rh/devtoolset-11/root/usr/libexec/gcc/x86_64-redhat-linux/11/:/opt/rh/devtoolset-11/root/usr/libexec/gcc/x86_64-redhat-linux/:/opt/rh/devtoolset-11/root/usr/lib/gcc/x86_64-redhat-linux/11/:/opt/rh/devtoolset-11/root/usr/lib/gcc/x86_64-redhat-linux/
LIBRARY_PATH=/opt/rh/devtoolset-11/root/usr/lib/gcc/x86_64-redhat-linux/11/:/opt/rh/devtoolset-11/root/usr/lib/gcc/x86_64-redhat-linux/11/../../../../lib64/:/lib/../lib64/:/usr/lib/../lib64/:/opt/rh/devtoolset-11/root/usr/lib/gcc/x86_64-redhat-linux/11/../../../:/lib/:/usr/lib/
COLLECT_GCC_OPTIONS='-v' '-o' 'CMakeFiles/cmTC_dbade.dir/CMakeCXXCompilerABI.cpp.o' '-c' '-shared-libgcc' '-mtune=generic' '-march=x86-64' '-dumpdir' 'CMakeFiles/cmTC_dbade.dir/CMakeCXXCompilerABI.cpp.'
Linking CXX executable cmTC_dbade
/usr/bin/cmake3 -E cmake_link_script CMakeFiles/cmTC_dbade.dir/link.txt --verbose=1
/opt/rh/devtoolset-11/root/usr/bin/c++      -v CMakeFiles/cmTC_dbade.dir/CMakeCXXCompilerABI.cpp.o  -o cmTC_dbade 
Using built-in specs.
COLLECT_GCC=/opt/rh/devtoolset-11/root/usr/bin/c++
COLLECT_LTO_WRAPPER=/opt/rh/devtoolset-11/root/usr/libexec/gcc/x86_64-redhat-linux/11/lto-wrapper
Target: x86_64-redhat-linux
Configured with: ../configure --enable-bootstrap --enable-languages=c,c++,fortran,lto --prefix=/opt/rh/devtoolset-11/root/usr --mandir=/opt/rh/devtoolset-11/root/usr/share/man --infodir=/opt/rh/devtoolset-11/root/usr/share/info --with-bugurl=http://bugzilla.redhat.com/bugzilla --enable-shared --enable-threads=posix --enable-checking=release --enable-multilib --with-system-zlib --enable-__cxa_atexit --disable-libunwind-exceptions --enable-gnu-unique-object --enable-linker-build-id --with-gcc-major-version-only --with-linker-hash-style=gnu --with-default-libstdcxx-abi=gcc4-compatible --enable-plugin --enable-initfini-array --with-isl=/builddir/build/BUILD/gcc-11.2.1-20220127/obj-x86_64-redhat-linux/isl-install --enable-gnu-indirect-function --with-tune=generic --with-arch_32=x86-64 --build=x86_64-redhat-linux
Thread model: posix
Supported LTO compression algorithms: zlib
gcc version 11.2.1 20220127 (Red Hat 11.2.1-9) (GCC) 
COMPILER_PATH=/opt/rh/devtoolset-11/root/usr/libexec/gcc/x86_64-redhat-linux/11/:/opt/rh/devtoolset-11/root/usr/libexec/gcc/x86_64-redhat-linux/11/:/opt/rh/devtoolset-11/root/usr/libexec/gcc/x86_64-redhat-linux/:/opt/rh/devtoolset-11/root/usr/lib/gcc/x86_64-redhat-linux/11/:/opt/rh/devtoolset-11/root/usr/lib/gcc/x86_64-redhat-linux/
LIBRARY_PATH=/opt/rh/devtoolset-11/root/usr/lib/gcc/x86_64-redhat-linux/11/:/opt/rh/devtoolset-11/root/usr/lib/gcc/x86_64-redhat-linux/11/../../../../lib64/:/lib/../lib64/:/usr/lib/../lib64/:/opt/rh/devtoolset-11/root/usr/lib/gcc/x86_64-redhat-linux/11/../../../:/lib/:/usr/lib/
COLLECT_GCC_OPTIONS='-v' '-o' 'cmTC_dbade' '-shared-libgcc' '-mtune=generic' '-march=x86-64' '-dumpdir' 'cmTC_dbade.'
 /opt/rh/devtoolset-11/root/usr/libexec/gcc/x86_64-redhat-linux/11/collect2 -plugin /opt/rh/devtoolset-11/root/usr/libexec/gcc/x86_64-redhat-linux/11/liblto_plugin.so -plugin-opt=/opt/rh/devtoolset-11/root/usr/libexec/gcc/x86_64-redhat-linux/11/lto-wrapper -plugin-opt=-fresolution=/tmp/ccrE66Ms.res -plugin-opt=-pass-through=-lgcc_s -plugin-opt=-pass-through=-lgcc -plugin-opt=-pass-through=-lc -plugin-opt=-pass-through=-lgcc_s -plugin-opt=-pass-through=-lgcc --build-id --no-add-needed --eh-frame-hdr --hash-style=gnu -m elf_x86_64 -dynamic-linker /lib64/ld-linux-x86-64.so.2 -o cmTC_dbade /lib/../lib64/crt1.o /lib/../lib64/crti.o /opt/rh/devtoolset-11/root/usr/lib/gcc/x86_64-redhat-linux/11/crtbegin.o -L/opt/rh/devtoolset-11/root/usr/lib/gcc/x86_64-redhat-linux/11 -L/opt/rh/devtoolset-11/root/usr/lib/gcc/x86_64-redhat-linux/11/../../../../lib64 -L/lib/../lib64 -L/usr/lib/../lib64 -L/opt/rh/devtoolset-11/root/usr/lib/gcc/x86_64-redhat-linux/11/../../.. CMakeFiles/cmTC_dbade.dir/CMakeCXXCompilerABI.cpp.o -lstdc++ -lm -lgcc_s -lgcc -lc -lgcc_s -lgcc /opt/rh/devtoolset-11/root/usr/lib/gcc/x86_64-redhat-linux/11/crtend.o /lib/../lib64/crtn.o
COLLECT_GCC_OPTIONS='-v' '-o' 'cmTC_dbade' '-shared-libgcc' '-mtune=generic' '-march=x86-64' '-dumpdir' 'cmTC_dbade.'
gmake[1]: Leaving directory '/data/SNCommissioning/eric_decoder/build/CMakeFiles/CMakeTmp'



Parsed CXX implicit include dir info from above output: rv=done
  found start of include info
  found start of implicit include info
    add: [/opt/rh/devtoolset-11/root/usr/lib/gcc/x86_64-redhat-linux/11/../../../../include/c++/11]
    add: [/opt/rh/devtoolset-11/root/usr/lib/gcc/x86_64-redhat-linux/11/../../../../include/c++/11/x86_64-redhat-linux]
    add: [/opt/rh/devtoolset-11/root/usr/lib/gcc/x86_64-redhat-linux/11/../../../../include/c++/11/backward]
    add: [/opt/rh/devtoolset-11/root/usr/lib/gcc/x86_64-redhat-linux/11/include]
    add: [/usr/local/include]
    add: [/opt/rh/devtoolset-11/root/usr/include]
    add: [/usr/include]
  end of search list found
  collapse include dir [/opt/rh/devtoolset-11/root/usr/lib/gcc/x86_64-redhat-linux/11/../../../../include/c++/11] ==> [/opt/rh/devtoolset-11/root/usr/include/c++/11]
  collapse include dir [/opt/rh/devtoolset-11/root/usr/lib/gcc/x86_64-redhat-linux/11/../../../../include/c++/11/x86_64-redhat-linux] ==> [/opt/rh/devtoolset-11/root/usr/include/c++/11/x86_64-redhat-linux]
  collapse include dir [/opt/rh/devtoolset-11/root/usr/lib/gcc/x86_64-redhat-linux/11/../../../../include/c++/11/backward] ==> [/opt/rh/devtoolset-11/root/usr/include/c++/11/backward]
  collapse include dir [/opt/rh/devtoolset-11/root/usr/lib/gcc/x86_64-redhat-linux/11/include] ==> [/opt/rh/devtoolset-11/root/usr/lib/gcc/x86_64-redhat-linux/11/include]
  collapse include dir [/usr/local/include] ==> [/usr/local/include]
  collapse include dir [/opt/rh/devtoolset-11/root/usr/include] ==> [/opt/rh/devtoolset-11/root/usr/include]
  collapse include dir [/usr/include] ==> [/usr/include]
  implicit include dirs: [/opt/rh/devtoolset-11/root/usr/include/c++/11;/opt/rh/devtoolset-11/root/usr/include/c++/11/x86_64-redhat-linux;/opt/rh/devtoolset-11/root/usr/include/c++/11/backward;/opt/rh/devtoolset-11/root/usr/lib/gcc/x86_64-redhat-linux/11/include;/usr/local/include;/opt/rh/devtoolset-11/root/usr/include;/usr/include]


Parsed CXX implicit link information from above output:
  link line regex: [^( *|.*[/\])(ld|CMAKE_LINK_STARTFILE-NOTFOUND|([^/\]+-)?ld|collect2)[^/\]*( |$)]
  ignore line: [Change Dir: /data/SNCommissioning/eric_decoder/build/CMakeFiles/CMakeTmp]
  ignore line: []
  ignore line: [Run Build Command(s):/opt/rh/devtoolset-11/root/usr/bin/gmake cmTC_dbade/fast && /opt/rh/devtoolset-11/root/usr/bin/gmake  -f CMakeFiles/cmTC_dbade.dir/build.make CMakeFiles/cmTC_dbade.dir/build]
  ignore line: [gmake[1]: Entering directory '/data/SNCommissioning/eric_decoder/build/CMakeFiles/CMakeTmp']
  ignore line: [Building CXX object CMakeFiles/cmTC_dbade.dir/CMakeCXXCompilerABI.cpp.o]
  ignore line: [/opt/rh/devtoolset-11/root/usr/bin/c++    -v -o CMakeFiles/cmTC_dbade.dir/CMakeCXXCompilerABI.cpp.o -c /usr/share/cmake3/Modules/CMakeCXXCompilerABI.cpp]
  ignore line: [Using built-in specs.]
  ignore line: [COLLECT_GCC=/opt/rh/devtoolset-11/root/usr/bin/c++]
  ignore line: [Target: x86_64-redhat-linux]
  ignore line: [Configured with: ../configure --enable-bootstrap --enable-languages=c c++ fortran lto --prefix=/opt/rh/devtoolset-11/root/usr --mandir=/opt/rh/devtoolset-11/root/usr/share/man --infodir=/opt/rh/devtoolset-11/root/usr/share/info --with-bugurl=http://bugzilla.redhat.com/bugzilla --enable-shared --enable-threads=posix --enable-checking=release --enable-multilib --with-system-zlib --enable-__cxa_atexit --disable-libunwind-exceptions --enable-gnu-unique-object --enable-linker-build-id --with-gcc-major-version-only --with-linker-hash-style=gnu --with-default-libstdcxx-abi=gcc4-compatible --enable-plugin --enable-initfini-array --with-isl=/builddir/build/BUILD/gcc-11.2.1-20220127/obj-x86_64-redhat-linux/isl-install --enable-gnu-indirect-function --with-tune=generic --with-arch_32=x86-64 --build=x86_64-redhat-linux]
  ignore line: [Thread model: posix]
  ignore line: [Supported LTO compression algorithms: zlib]
  ignore line: [gcc version 11.2.1 20220127 (Red Hat 11.2.1-9) (GCC) ]
  ignore line: [COLLECT_GCC_OPTIONS='-v' '-o' 'CMakeFiles/cmTC_dbade.dir/CMakeCXXCompilerABI.cpp.o' '-c' '-shared-libgcc' '-mtune=generic' '-march=x86-64' '-dumpdir' 'CMakeFiles/cmTC_dbade.dir/']
  ignore line: [ /opt/rh/devtoolset-11/root/usr/libexec/gcc/x86_64-redhat-linux/11/cc1plus -quiet -v -D_GNU_SOURCE /usr/share/cmake3/Modules/CMakeCXXCompilerABI.cpp -quiet -dumpdir CMakeFiles/cmTC_dbade.dir/ -dumpbase CMakeCXXCompilerABI.cpp.cpp -dumpbase-ext .cpp -mtune=generic -march=x86-64 -version -o /tmp/cc3OWSHu.s]
  ignore line: [GNU C++17 (GCC) version 11.2.1 20220127 (Red Hat 11.2.1-9) (x86_64-redhat-linux)]
  ignore line: [	compiled by GNU C version 11.2.1 20220127 (Red Hat 11.2.1-9)  GMP version 6.0.0  MPFR version 3.1.1  MPC version 1.0.1  isl version isl-0.18-GMP]
  ignore line: []
  ignore line: [GGC heuristics: --param ggc-min-expand=100 --param ggc-min-heapsize=131072]
  ignore line: [ignoring nonexistent directory "/opt/rh/devtoolset-11/root/usr/lib/gcc/x86_64-redhat-linux/11/include-fixed"]
  ignore line: [ignoring nonexistent directory "/opt/rh/devtoolset-11/root/usr/lib/gcc/x86_64-redhat-linux/11/../../../../x86_64-redhat-linux/include"]
  ignore line: [#include "..." search starts here:]
  ignore line: [#include <...> search starts here:]
  ignore line: [ /opt/rh/devtoolset-11/root/usr/lib/gcc/x86_64-redhat-linux/11/../../../../include/c++/11]
  ignore line: [ /opt/rh/devtoolset-11/root/usr/lib/gcc/x86_64-redhat-linux/11/../../../../include/c++/11/x86_64-redhat-linux]
  ignore line: [ /opt/rh/devtoolset-11/root/usr/lib/gcc/x86_64-redhat-linux/11/../../../../include/c++/11/backward]
  ignore line: [ /opt/rh/devtoolset-11/root/usr/lib/gcc/x86_64-redhat-linux/11/include]
  ignore line: [ /usr/local/include]
  ignore line: [ /opt/rh/devtoolset-11/root/usr/include]
  ignore line: [ /usr/include]
  ignore line: [End of search list.]
  ignore line: [GNU C++17 (GCC) version 11.2.1 20220127 (Red Hat 11.2.1-9) (x86_64-redhat-linux)]
  ignore line: [	compiled by GNU C version 11.2.1 20220127 (Red Hat 11.2.1-9)  GMP version 6.0.0  MPFR version 3.1.1  MPC version 1.0.1  isl version isl-0.18-GMP]
  ignore line: []
  ignore line: [GGC heuristics: --param ggc-min-expand=100 --param ggc-min-heapsize=131072]
  ignore line: [Compiler executable checksum: 4d912b14bce339cc8a41b2b0d103bc14]
  ignore line: [COLLECT_GCC_OPTIONS='-v' '-o' 'CMakeFiles/cmTC_dbade.dir/CMakeCXXCompilerABI.cpp.o' '-c' '-shared-libgcc' '-mtune=generic' '-march=x86-64' '-dumpdir' 'CMakeFiles/cmTC_dbade.dir/']
  ignore line: [ /opt/rh/devtoolset-11/root/usr/libexec/gcc/x86_64-redhat-linux/11/as -v --64 -o CMakeFiles/cmTC_dbade.dir/CMakeCXXCompilerABI.cpp.o /tmp/cc3OWSHu.s]
  ignore line: [GNU assembler version 2.36.1 (x86_64-redhat-linux) using BFD version version 2.36.1-1.el7.2]
  ignore line: [COMPILER_PATH=/opt/rh/devtoolset-11/root/usr/libexec/gcc/x86_64-redhat-linux/11/:/opt/rh/devtoolset-11/root/usr/libexec/gcc/x86_64-redhat-linux/11/:/opt/rh/devtoolset-11/root/usr/libexec/gcc/x86_64-redhat-linux/:/opt/rh/devtoolset-11/root/usr/lib/gcc/x86_64-redhat-linux/11/:/opt/rh/devtoolset-11/root/usr/lib/gcc/x86_64-redhat-linux/]
  ignore line: [LIBRARY_PATH=/opt/rh/devtoolset-11/root/usr/lib/gcc/x86_64-redhat-linux/11/:/opt/rh/devtoolset-11/root/usr/lib/gcc/x86_64-redhat-linux/11/../../../../lib64/:/lib/../lib64/:/usr/lib/../lib64/:/opt/rh/devtoolset-11/root/usr/lib/gcc/x86_64-redhat-linux/11/../../../:/lib/:/usr/lib/]
  ignore line: [COLLECT_GCC_OPTIONS='-v' '-o' 'CMakeFiles/cmTC_dbade.dir/CMakeCXXCompilerABI.cpp.o' '-c' '-shared-libgcc' '-mtune=generic' '-march=x86-64' '-dumpdir' 'CMakeFiles/cmTC_dbade.dir/CMakeCXXCompilerABI.cpp.']
  ignore line: [Linking CXX executable cmTC_dbade]
  ignore line: [/usr/bin/cmake3 -E cmake_link_script CMakeFiles/cmTC_dbade.dir/link.txt --verbose=1]
  ignore line: [/opt/rh/devtoolset-11/root/usr/bin/c++      -v CMakeFiles/cmTC_dbade.dir/CMakeCXXCompilerABI.cpp.o  -o cmTC_dbade ]
  ignore line: [Using built-in specs.]
  ignore line: [COLLECT_GCC=/opt/rh/devtoolset-11/root/usr/bin/c++]
  ignore line: [COLLECT_LTO_WRAPPER=/opt/rh/devtoolset-11/root/usr/libexec/gcc/x86_64-redhat-linux/11/lto-wrapper]
  ignore line: [Target: x86_64-redhat-linux]
  ignore line: [Configured with: ../configure --enable-bootstrap --enable-languages=c c++ fortran lto --prefix=/opt/rh/devtoolset-11/root/usr --mandir=/opt/rh/devtoolset-11/root/usr/share/man --infodir=/opt/rh/devtoolset-11/root/usr/share/info --with-bugurl=http://bugzilla.redhat.com/bugzilla --enable-shared --enable-threads=posix --enable-checking=release --enable-multilib --with-system-zlib --enable-__cxa_atexit --disable-libunwind-exceptions --enable-gnu-unique-object --enable-linker-build-id --with-gcc-major-version-only --with-linker-hash-style=gnu --with-default-libstdcxx-abi=gcc4-compatible --enable-plugin --enable-initfini-array --with-isl=/builddir/build/BUILD/gcc-11.2.1-20220127/obj-x86_64-redhat-linux/isl-install --enable-gnu-indirect-function --with-tune=generic --with-arch_32=x86-64 --build=x86_64-redhat-linux]
  ignore line: [Thread model: posix]
  ignore line: [Supported LTO compression algorithms: zlib]
  ignore line: [gcc version 11.2.1 20220127 (Red Hat 11.2.1-9) (GCC) ]
  ignore line: [COMPILER_PATH=/opt/rh/devtoolset-11/root/usr/libexec/gcc/x86_64-redhat-linux/11/:/opt/rh/devtoolset-11/root/usr/libexec/gcc/x86_64-redhat-linux/11/:/opt/rh/devtoolset-11/root/usr/libexec/gcc/x86_64-redhat-linux/:/opt/rh/devtoolset-11/root/usr/lib/gcc/x86_64-redhat-linux/11/:/opt/rh/devtoolset-11/root/usr/lib/gcc/x86_64-redhat-linux/]
  ignore line: [LIBRARY_PATH=/opt/rh/devtoolset-11/root/usr/lib/gcc/x86_64-redhat-linux/11/:/opt/rh/devtoolset-11/root/usr/lib/gcc/x86_64-redhat-linux/11/../../../../lib64/:/lib/../lib64/:/usr/lib/../lib64/:/opt/rh/devtoolset-11/root/usr/lib/gcc/x86_64-redhat-linux/11/../../../:/lib/:/usr/lib/]
  ignore line: [COLLECT_GCC_OPTIONS='-v' '-o' 'cmTC_dbade' '-shared-libgcc' '-mtune=generic' '-march=x86-64' '-dumpdir' 'cmTC_dbade.']
  link line: [ /opt/rh/devtoolset-11/root/usr/libexec/gcc/x86_64-redhat-linux/11/collect2 -plugin /opt/rh/devtoolset-11/root/usr/libexec/gcc/x86_64-redhat-linux/11/liblto_plugin.so -plugin-opt=/opt/rh/devtoolset-11/root/usr/libexec/gcc/x86_64-redhat-linux/11/lto-wrapper -plugin-opt=-fresolution=/tmp/ccrE66Ms.res -plugin-opt=-pass-through=-lgcc_s -plugin-opt=-pass-through=-lgcc -plugin-opt=-pass-through=-lc -plugin-opt=-pass-through=-lgcc_s -plugin-opt=-pass-through=-lgcc --build-id --no-add-needed --eh-frame-hdr --hash-style=gnu -m elf_x86_64 -dynamic-linker /lib64/ld-linux-x86-64.so.2 -o cmTC_dbade /lib/../lib64/crt1.o /lib/../lib64/crti.o /opt/rh/devtoolset-11/root/usr/lib/gcc/x86_64-redhat-linux/11/crtbegin.o -L/opt/rh/devtoolset-11/root/usr/lib/gcc/x86_64-redhat-linux/11 -L/opt/rh/devtoolset-11/root/usr/lib/gcc/x86_64-redhat-linux/11/../../../../lib64 -L/lib/../lib64 -L/usr/lib/../lib64 -L/opt/rh/devtoolset-11/root/usr/lib/gcc/x86_64-redhat-linux/11/../../.. CMakeFiles/cmTC_dbade.dir/CMakeCXXCompilerABI.cpp.o -lstdc++ -lm -lgcc_s -lgcc -lc -lgcc_s -lgcc /opt/rh/devtoolset-11/root/usr/lib/gcc/x86_64-redhat-linux/11/crtend.o /lib/../lib64/crtn.o]
    arg [/opt/rh/devtoolset-11/root/usr/libexec/gcc/x86_64-redhat-linux/11/collect2] ==> ignore
    arg [-plugin] ==> ignore
    arg [/opt/rh/devtoolset-11/root/usr/libexec/gcc/x86_64-redhat-linux/11/liblto_plugin.so] ==> ignore
    arg [-plugin-opt=/opt/rh/devtoolset-11/root/usr/libexec/gcc/x86_64-redhat-linux/11/lto-wrapper] ==> ignore
    arg [-plugin-opt=-fresolution=/tmp/ccrE66Ms.res] ==> ignore
    arg [-plugin-opt=-pass-through=-lgcc_s] ==> ignore
    arg [-plugin-opt=-pass-through=-lgcc] ==> ignore
    arg [-plugin-opt=-pass-through=-lc] ==> ignore
    arg [-plugin-opt=-pass-through=-lgcc_s] ==> ignore
    arg [-plugin-opt=-pass-through=-lgcc] ==> ignore
    arg [--build-id] ==> ignore
    arg [--no-add-needed] ==> ignore
    arg [--eh-frame-hdr] ==> ignore
    arg [--hash-style=gnu] ==> ignore
    arg [-m] ==> ignore
    arg [elf_x86_64] ==> ignore
    arg [-dynamic-linker] ==> ignore
    arg [/lib64/ld-linux-x86-64.so.2] ==> ignore
    arg [-o] ==> ignore
    arg [cmTC_dbade] ==> ignore
    arg [/lib/../lib64/crt1.o] ==> ignore
    arg [/lib/../lib64/crti.o] ==> ignore
    arg [/opt/rh/devtoolset-11/root/usr/lib/gcc/x86_64-redhat-linux/11/crtbegin.o] ==> ignore
    arg [-L/opt/rh/devtoolset-11/root/usr/lib/gcc/x86_64-redhat-linux/11] ==> dir [/opt/rh/devtoolset-11/root/usr/lib/gcc/x86_64-redhat-linux/11]
    arg [-L/opt/rh/devtoolset-11/root/usr/lib/gcc/x86_64-redhat-linux/11/../../../../lib64] ==> dir [/opt/rh/devtoolset-11/root/usr/lib/gcc/x86_64-redhat-linux/11/../../../../lib64]
    arg [-L/lib/../lib64] ==> dir [/lib/../lib64]
    arg [-L/usr/lib/../lib64] ==> dir [/usr/lib/../lib64]
    arg [-L/opt/rh/devtoolset-11/root/usr/lib/gcc/x86_64-redhat-linux/11/../../..] ==> dir [/opt/rh/devtoolset-11/root/usr/lib/gcc/x86_64-redhat-linux/11/../../..]
    arg [CMakeFiles/cmTC_dbade.dir/CMakeCXXCompilerABI.cpp.o] ==> ignore
    arg [-lstdc++] ==> lib [stdc++]
    arg [-lm] ==> lib [m]
    arg [-lgcc_s] ==> lib [gcc_s]
    arg [-lgcc] ==> lib [gcc]
    arg [-lc] ==> lib [c]
    arg [-lgcc_s] ==> lib [gcc_s]
    arg [-lgcc] ==> lib [gcc]
    arg [/opt/rh/devtoolset-11/root/usr/lib/gcc/x86_64-redhat-linux/11/crtend.o] ==> ignore
    arg [/lib/../lib64/crtn.o] ==> ignore
  collapse library dir [/opt/rh/devtoolset-11/root/usr/lib/gcc/x86_64-redhat-linux/11] ==> [/opt/rh/devtoolset-11/root/usr/lib/gcc/x86_64-redhat-linux/11]
  collapse library dir [/opt/rh/devtoolset-11/root/usr/lib/gcc/x86_64-redhat-linux/11/../../../../lib64] ==> [/opt/rh/devtoolset-11/root/usr/lib64]
  collapse library dir [/lib/../lib64] ==> [/lib64]
  collapse library dir [/usr/lib/../lib64] ==> [/usr/lib64]
  collapse library dir [/opt/rh/devtoolset-11/root/usr/lib/gcc/x86_64-redhat-linux/11/../../..] ==> [/opt/rh/devtoolset-11/root/usr/lib]
  implicit libs: [stdc++;m;gcc_s;gcc;c;gcc_s;gcc]
  implicit dirs: [/opt/rh/devtoolset-11/root/usr/lib/gcc/x86_64-redhat-linux/11;/opt/rh/devtoolset-11/root/usr/lib64;/lib64;/usr/lib64;/opt/rh/devtoolset-11/root/usr/lib]
  implicit fwks: []


